[0.554s] Invoking command in '/home/minh/ws_ros2_camera/src/ros2_opencv': DEBUGINFOD_URLS=https://debuginfod.ubuntu.com PYTHONPATH=/home/minh/ws_ros2_camera/build/ros2_opencv/prefix_override:/usr/lib/python3/dist-packages/colcon_core/task/python/colcon_distutils_commands:/home/minh/ws_ros2_camera/install/ros2_opencv/lib/python3.12/site-packages:${PYTHONPATH} /usr/bin/python3 -W ignore:setup.py install is deprecated -W ignore:easy_install command is deprecated setup.py egg_info --egg-base ../../build/ros2_opencv build --build-base /home/minh/ws_ros2_camera/build/ros2_opencv/build install --record /home/minh/ws_ros2_camera/build/ros2_opencv/install.log --single-version-externally-managed install_data
[0.735s] running egg_info
[0.749s] writing ../../build/ros2_opencv/ros2_opencv.egg-info/PKG-INFO
[0.749s] writing dependency_links to ../../build/ros2_opencv/ros2_opencv.egg-info/dependency_links.txt
[0.749s] writing entry points to ../../build/ros2_opencv/ros2_opencv.egg-info/entry_points.txt
[0.749s] writing requirements to ../../build/ros2_opencv/ros2_opencv.egg-info/requires.txt
[0.749s] writing top-level names to ../../build/ros2_opencv/ros2_opencv.egg-info/top_level.txt
[0.789s] reading manifest file '../../build/ros2_opencv/ros2_opencv.egg-info/SOURCES.txt'
[0.790s] writing manifest file '../../build/ros2_opencv/ros2_opencv.egg-info/SOURCES.txt'
[0.790s] running build
[0.790s] running build_py
[0.791s] copying ros2_opencv/poseEstimation2.py -> /home/minh/ws_ros2_camera/build/ros2_opencv/build/lib/ros2_opencv
[0.791s] copying ros2_opencv/poseEstimationYOLO.py -> /home/minh/ws_ros2_camera/build/ros2_opencv/build/lib/ros2_opencv
[0.791s] running install
[0.799s] running install_lib
[0.818s] copying /home/minh/ws_ros2_camera/build/ros2_opencv/build/lib/ros2_opencv/poseEstimation2.py -> /home/minh/ws_ros2_camera/install/ros2_opencv/lib/python3.12/site-packages/ros2_opencv
[0.818s] copying /home/minh/ws_ros2_camera/build/ros2_opencv/build/lib/ros2_opencv/poseEstimationYOLO.py -> /home/minh/ws_ros2_camera/install/ros2_opencv/lib/python3.12/site-packages/ros2_opencv
[0.818s] byte-compiling /home/minh/ws_ros2_camera/install/ros2_opencv/lib/python3.12/site-packages/ros2_opencv/poseEstimation2.py to poseEstimation2.cpython-312.pyc
[0.820s] byte-compiling /home/minh/ws_ros2_camera/install/ros2_opencv/lib/python3.12/site-packages/ros2_opencv/poseEstimationYOLO.py to poseEstimationYOLO.cpython-312.pyc
[0.822s] running install_data
[0.822s] running install_egg_info
[0.836s] removing '/home/minh/ws_ros2_camera/install/ros2_opencv/lib/python3.12/site-packages/ros2_opencv-0.0.0-py3.12.egg-info' (and everything under it)
[0.836s] Copying ../../build/ros2_opencv/ros2_opencv.egg-info to /home/minh/ws_ros2_camera/install/ros2_opencv/lib/python3.12/site-packages/ros2_opencv-0.0.0-py3.12.egg-info
[0.837s] running install_scripts
[0.926s] Installing pose_estimation2_node script to /home/minh/ws_ros2_camera/install/ros2_opencv/lib/ros2_opencv
[0.926s] Installing pose_estimation_node script to /home/minh/ws_ros2_camera/install/ros2_opencv/lib/ros2_opencv
[0.926s] Installing pose_simple_node script to /home/minh/ws_ros2_camera/install/ros2_opencv/lib/ros2_opencv
[0.926s] Installing pose_yolo_node script to /home/minh/ws_ros2_camera/install/ros2_opencv/lib/ros2_opencv
[0.926s] Installing publisher_node script to /home/minh/ws_ros2_camera/install/ros2_opencv/lib/ros2_opencv
[0.926s] Installing subscriber_node script to /home/minh/ws_ros2_camera/install/ros2_opencv/lib/ros2_opencv
[0.926s] writing list of installed files to '/home/minh/ws_ros2_camera/build/ros2_opencv/install.log'
[0.946s] Invoked command in '/home/minh/ws_ros2_camera/src/ros2_opencv' returned '0': DEBUGINFOD_URLS=https://debuginfod.ubuntu.com PYTHONPATH=/home/minh/ws_ros2_camera/build/ros2_opencv/prefix_override:/usr/lib/python3/dist-packages/colcon_core/task/python/colcon_distutils_commands:/home/minh/ws_ros2_camera/install/ros2_opencv/lib/python3.12/site-packages:${PYTHONPATH} /usr/bin/python3 -W ignore:setup.py install is deprecated -W ignore:easy_install command is deprecated setup.py egg_info --egg-base ../../build/ros2_opencv build --build-base /home/minh/ws_ros2_camera/build/ros2_opencv/build install --record /home/minh/ws_ros2_camera/build/ros2_opencv/install.log --single-version-externally-managed install_data
