[0.647s] Invoking command in '/home/minh/ws_ros2_camera/src/ros2_opencv': CONDA_PROMPT_MODIFIER=(base) DEBUGINFOD_URLS=https://debuginfod.ubuntu.com PYTHONPATH=/home/minh/ws_ros2_camera/build/ros2_opencv/prefix_override:/usr/lib/python3/dist-packages/colcon_core/task/python/colcon_distutils_commands:/home/minh/ws_ros2_camera/install/ros2_opencv/lib/python3.12/site-packages:${PYTHONPATH} /usr/bin/python3 -W ignore:setup.py install is deprecated -W ignore:easy_install command is deprecated setup.py egg_info --egg-base ../../build/ros2_opencv build --build-base /home/minh/ws_ros2_camera/build/ros2_opencv/build install --record /home/minh/ws_ros2_camera/build/ros2_opencv/install.log --single-version-externally-managed install_data
[0.825s] running egg_info
[0.838s] writing ../../build/ros2_opencv/ros2_opencv.egg-info/PKG-INFO
[0.838s] writing dependency_links to ../../build/ros2_opencv/ros2_opencv.egg-info/dependency_links.txt
[0.838s] writing entry points to ../../build/ros2_opencv/ros2_opencv.egg-info/entry_points.txt
[0.838s] writing requirements to ../../build/ros2_opencv/ros2_opencv.egg-info/requires.txt
[0.838s] writing top-level names to ../../build/ros2_opencv/ros2_opencv.egg-info/top_level.txt
[0.864s] reading manifest file '../../build/ros2_opencv/ros2_opencv.egg-info/SOURCES.txt'
[0.864s] writing manifest file '../../build/ros2_opencv/ros2_opencv.egg-info/SOURCES.txt'
[0.864s] running build
[0.864s] running build_py
[0.864s] running install
[0.869s] running install_lib
[0.883s] byte-compiling /home/minh/ws_ros2_camera/install/ros2_opencv/lib/python3.12/site-packages/ros2_opencv/subscriberImage.py to subscriberImage.cpython-312.pyc
[0.883s] running install_data
[0.883s] running install_egg_info
[0.883s]   File "/home/minh/ws_ros2_camera/install/ros2_opencv/lib/python3.12/site-packages/ros2_opencv/subscriberImage.py", line 1
[0.883s]     gedit import cv2
[0.883s]           ^^^^^^
[0.883s] SyntaxError: invalid syntax
[0.883s] 
[0.896s] removing '/home/minh/ws_ros2_camera/install/ros2_opencv/lib/python3.12/site-packages/ros2_opencv-0.0.0-py3.12.egg-info' (and everything under it)
[0.896s] Copying ../../build/ros2_opencv/ros2_opencv.egg-info to /home/minh/ws_ros2_camera/install/ros2_opencv/lib/python3.12/site-packages/ros2_opencv-0.0.0-py3.12.egg-info
[0.897s] running install_scripts
[0.986s] Installing publishe_node script to /home/minh/ws_ros2_camera/install/ros2_opencv/lib/ros2_opencv
[0.986s] Installing subscriber_node script to /home/minh/ws_ros2_camera/install/ros2_opencv/lib/ros2_opencv
[0.986s] writing list of installed files to '/home/minh/ws_ros2_camera/build/ros2_opencv/install.log'
[1.008s] Invoked command in '/home/minh/ws_ros2_camera/src/ros2_opencv' returned '0': CONDA_PROMPT_MODIFIER=(base) DEBUGINFOD_URLS=https://debuginfod.ubuntu.com PYTHONPATH=/home/minh/ws_ros2_camera/build/ros2_opencv/prefix_override:/usr/lib/python3/dist-packages/colcon_core/task/python/colcon_distutils_commands:/home/minh/ws_ros2_camera/install/ros2_opencv/lib/python3.12/site-packages:${PYTHONPATH} /usr/bin/python3 -W ignore:setup.py install is deprecated -W ignore:easy_install command is deprecated setup.py egg_info --egg-base ../../build/ros2_opencv build --build-base /home/minh/ws_ros2_camera/build/ros2_opencv/build install --record /home/minh/ws_ros2_camera/build/ros2_opencv/install.log --single-version-externally-managed install_data
