[0.538s] Invoking command in '/home/minh/ws_ros2_camera/src/ros2_opencv': CONDA_PROMPT_MODIFIER=(base) DEBUGINFOD_URLS=https://debuginfod.ubuntu.com PYTHONPATH=/home/minh/ws_ros2_camera/build/ros2_opencv/prefix_override:/usr/lib/python3/dist-packages/colcon_core/task/python/colcon_distutils_commands:/home/minh/ws_ros2_camera/install/ros2_opencv/lib/python3.12/site-packages:${PYTHONPATH} /usr/bin/python3 -W ignore:setup.py install is deprecated -W ignore:easy_install command is deprecated setup.py egg_info --egg-base ../../build/ros2_opencv build --build-base /home/minh/ws_ros2_camera/build/ros2_opencv/build install --record /home/minh/ws_ros2_camera/build/ros2_opencv/install.log --single-version-externally-managed install_data
[0.715s] running egg_info
[0.728s] writing ../../build/ros2_opencv/ros2_opencv.egg-info/PKG-INFO
[0.728s] writing dependency_links to ../../build/ros2_opencv/ros2_opencv.egg-info/dependency_links.txt
[0.728s] writing entry points to ../../build/ros2_opencv/ros2_opencv.egg-info/entry_points.txt
[0.728s] writing requirements to ../../build/ros2_opencv/ros2_opencv.egg-info/requires.txt
[0.728s] writing top-level names to ../../build/ros2_opencv/ros2_opencv.egg-info/top_level.txt
[0.754s] reading manifest file '../../build/ros2_opencv/ros2_opencv.egg-info/SOURCES.txt'
[0.755s] writing manifest file '../../build/ros2_opencv/ros2_opencv.egg-info/SOURCES.txt'
[0.755s] running build
[0.755s] running build_py
[0.755s] running install
[0.760s] running install_lib
[0.773s] byte-compiling /home/minh/ws_ros2_camera/install/ros2_opencv/lib/python3.12/site-packages/ros2_opencv/subscriberImage.py to subscriberImage.cpython-312.pyc
[0.774s]   File "/home/minh/ws_ros2_camera/install/ros2_opencv/lib/python3.12/site-packages/ros2_opencv/subscriberImage.py", line 1
[0.774s]     gedit import cv2
[0.774s]           ^^^^^^
[0.774s] SyntaxError: invalid syntax
[0.774s] 
[0.774s] running install_data
[0.774s] running install_egg_info
[0.789s] removing '/home/minh/ws_ros2_camera/install/ros2_opencv/lib/python3.12/site-packages/ros2_opencv-0.0.0-py3.12.egg-info' (and everything under it)
[0.789s] Copying ../../build/ros2_opencv/ros2_opencv.egg-info to /home/minh/ws_ros2_camera/install/ros2_opencv/lib/python3.12/site-packages/ros2_opencv-0.0.0-py3.12.egg-info
[0.789s] running install_scripts
[0.878s] Installing publishe_node script to /home/minh/ws_ros2_camera/install/ros2_opencv/lib/ros2_opencv
[0.878s] Installing subscriber_node script to /home/minh/ws_ros2_camera/install/ros2_opencv/lib/ros2_opencv
[0.878s] writing list of installed files to '/home/minh/ws_ros2_camera/build/ros2_opencv/install.log'
[0.897s] Invoked command in '/home/minh/ws_ros2_camera/src/ros2_opencv' returned '0': CONDA_PROMPT_MODIFIER=(base) DEBUGINFOD_URLS=https://debuginfod.ubuntu.com PYTHONPATH=/home/minh/ws_ros2_camera/build/ros2_opencv/prefix_override:/usr/lib/python3/dist-packages/colcon_core/task/python/colcon_distutils_commands:/home/minh/ws_ros2_camera/install/ros2_opencv/lib/python3.12/site-packages:${PYTHONPATH} /usr/bin/python3 -W ignore:setup.py install is deprecated -W ignore:easy_install command is deprecated setup.py egg_info --egg-base ../../build/ros2_opencv build --build-base /home/minh/ws_ros2_camera/build/ros2_opencv/build install --record /home/minh/ws_ros2_camera/build/ros2_opencv/install.log --single-version-externally-managed install_data
