running egg_info
writing ../../build/ros2_opencv/ros2_opencv.egg-info/PKG-INFO
writing dependency_links to ../../build/ros2_opencv/ros2_opencv.egg-info/dependency_links.txt
writing entry points to ../../build/ros2_opencv/ros2_opencv.egg-info/entry_points.txt
writing requirements to ../../build/ros2_opencv/ros2_opencv.egg-info/requires.txt
writing top-level names to ../../build/ros2_opencv/ros2_opencv.egg-info/top_level.txt
reading manifest file '../../build/ros2_opencv/ros2_opencv.egg-info/SOURCES.txt'
writing manifest file '../../build/ros2_opencv/ros2_opencv.egg-info/SOURCES.txt'
running build
running build_py
copying ros2_opencv/poseEstimation2.py -> /home/minh/ws_ros2_camera/build/ros2_opencv/build/lib/ros2_opencv
running install
running install_lib
copying /home/minh/ws_ros2_camera/build/ros2_opencv/build/lib/ros2_opencv/poseEstimation2.py -> /home/minh/ws_ros2_camera/install/ros2_opencv/lib/python3.12/site-packages/ros2_opencv
byte-compiling /home/minh/ws_ros2_camera/install/ros2_opencv/lib/python3.12/site-packages/ros2_opencv/poseEstimation2.py to poseEstimation2.cpython-312.pyc
running install_data
running install_egg_info
removing '/home/minh/ws_ros2_camera/install/ros2_opencv/lib/python3.12/site-packages/ros2_opencv-0.0.0-py3.12.egg-info' (and everything under it)
Copying ../../build/ros2_opencv/ros2_opencv.egg-info to /home/minh/ws_ros2_camera/install/ros2_opencv/lib/python3.12/site-packages/ros2_opencv-0.0.0-py3.12.egg-info
running install_scripts
Installing pose_estimation2_node script to /home/minh/ws_ros2_camera/install/ros2_opencv/lib/ros2_opencv
Installing pose_estimation_node script to /home/minh/ws_ros2_camera/install/ros2_opencv/lib/ros2_opencv
Installing pose_simple_node script to /home/minh/ws_ros2_camera/install/ros2_opencv/lib/ros2_opencv
Installing pose_yolo_node script to /home/minh/ws_ros2_camera/install/ros2_opencv/lib/ros2_opencv
Installing publisher_node script to /home/minh/ws_ros2_camera/install/ros2_opencv/lib/ros2_opencv
Installing subscriber_node script to /home/minh/ws_ros2_camera/install/ros2_opencv/lib/ros2_opencv
writing list of installed files to '/home/minh/ws_ros2_camera/build/ros2_opencv/install.log'
