/home/minh/ws_ros2_camera/install/ros2_opencv/lib/python3.12/site-packages/ros2_opencv/subscriberImage.py
/home/minh/ws_ros2_camera/install/ros2_opencv/lib/python3.12/site-packages/ros2_opencv/__init__.py
/home/minh/ws_ros2_camera/install/ros2_opencv/lib/python3.12/site-packages/ros2_opencv/poseEstimationSimple.py
/home/minh/ws_ros2_camera/install/ros2_opencv/lib/python3.12/site-packages/ros2_opencv/poseEstimationSubscriber.py
/home/minh/ws_ros2_camera/install/ros2_opencv/lib/python3.12/site-packages/ros2_opencv/poseEstimation2.py
/home/minh/ws_ros2_camera/install/ros2_opencv/lib/python3.12/site-packages/ros2_opencv/poseEstimationYOLO.py
/home/minh/ws_ros2_camera/install/ros2_opencv/lib/python3.12/site-packages/ros2_opencv/cameraPublisher.py
/home/minh/ws_ros2_camera/install/ros2_opencv/lib/python3.12/site-packages/ros2_opencv/__pycache__/subscriberImage.cpython-312.pyc
/home/minh/ws_ros2_camera/install/ros2_opencv/lib/python3.12/site-packages/ros2_opencv/__pycache__/__init__.cpython-312.pyc
/home/minh/ws_ros2_camera/install/ros2_opencv/lib/python3.12/site-packages/ros2_opencv/__pycache__/poseEstimationSimple.cpython-312.pyc
/home/minh/ws_ros2_camera/install/ros2_opencv/lib/python3.12/site-packages/ros2_opencv/__pycache__/poseEstimationSubscriber.cpython-312.pyc
/home/minh/ws_ros2_camera/install/ros2_opencv/lib/python3.12/site-packages/ros2_opencv/__pycache__/poseEstimation2.cpython-312.pyc
/home/minh/ws_ros2_camera/install/ros2_opencv/lib/python3.12/site-packages/ros2_opencv/__pycache__/poseEstimationYOLO.cpython-312.pyc
/home/minh/ws_ros2_camera/install/ros2_opencv/lib/python3.12/site-packages/ros2_opencv/__pycache__/cameraPublisher.cpython-312.pyc
/home/minh/ws_ros2_camera/install/ros2_opencv/share/ament_index/resource_index/packages/ros2_opencv
/home/minh/ws_ros2_camera/install/ros2_opencv/share/ros2_opencv/package.xml
/home/minh/ws_ros2_camera/install/ros2_opencv/lib/python3.12/site-packages/ros2_opencv-0.0.0-py3.12.egg-info/top_level.txt
/home/minh/ws_ros2_camera/install/ros2_opencv/lib/python3.12/site-packages/ros2_opencv-0.0.0-py3.12.egg-info/SOURCES.txt
/home/minh/ws_ros2_camera/install/ros2_opencv/lib/python3.12/site-packages/ros2_opencv-0.0.0-py3.12.egg-info/zip-safe
/home/minh/ws_ros2_camera/install/ros2_opencv/lib/python3.12/site-packages/ros2_opencv-0.0.0-py3.12.egg-info/PKG-INFO
/home/minh/ws_ros2_camera/install/ros2_opencv/lib/python3.12/site-packages/ros2_opencv-0.0.0-py3.12.egg-info/dependency_links.txt
/home/minh/ws_ros2_camera/install/ros2_opencv/lib/python3.12/site-packages/ros2_opencv-0.0.0-py3.12.egg-info/requires.txt
/home/minh/ws_ros2_camera/install/ros2_opencv/lib/python3.12/site-packages/ros2_opencv-0.0.0-py3.12.egg-info/entry_points.txt
/home/minh/ws_ros2_camera/install/ros2_opencv/lib/ros2_opencv/pose_estimation2_node
/home/minh/ws_ros2_camera/install/ros2_opencv/lib/ros2_opencv/pose_estimation_node
/home/minh/ws_ros2_camera/install/ros2_opencv/lib/ros2_opencv/pose_simple_node
/home/minh/ws_ros2_camera/install/ros2_opencv/lib/ros2_opencv/pose_yolo_node
/home/minh/ws_ros2_camera/install/ros2_opencv/lib/ros2_opencv/publisher_node
/home/minh/ws_ros2_camera/install/ros2_opencv/lib/ros2_opencv/subscriber_node
