[1.152s] Invoking command in '/home/minh/ws_ros2_camera/src/ros2_opencv': DEBUGINFOD_URLS=https://debuginfod.ubuntu.com PYTHONPATH=/home/minh/ws_ros2_camera/build/ros2_opencv/prefix_override:/usr/lib/python3/dist-packages/colcon_core/task/python/colcon_distutils_commands:/home/minh/ws_ros2_camera/install/ros2_opencv/lib/python3.12/site-packages:${PYTHONPATH} /usr/bin/python3 -W ignore:setup.py install is deprecated -W ignore:easy_install command is deprecated setup.py egg_info --egg-base ../../build/ros2_opencv build --build-base /home/minh/ws_ros2_camera/build/ros2_opencv/build install --record /home/minh/ws_ros2_camera/build/ros2_opencv/install.log --single-version-externally-managed install_data
[1.422s] running egg_info
[1.442s] writing ../../build/ros2_opencv/ros2_opencv.egg-info/PKG-INFO
[1.442s] writing dependency_links to ../../build/ros2_opencv/ros2_opencv.egg-info/dependency_links.txt
[1.442s] writing entry points to ../../build/ros2_opencv/ros2_opencv.egg-info/entry_points.txt
[1.443s] writing requirements to ../../build/ros2_opencv/ros2_opencv.egg-info/requires.txt
[1.443s] writing top-level names to ../../build/ros2_opencv/ros2_opencv.egg-info/top_level.txt
[1.483s] reading manifest file '../../build/ros2_opencv/ros2_opencv.egg-info/SOURCES.txt'
[1.484s] writing manifest file '../../build/ros2_opencv/ros2_opencv.egg-info/SOURCES.txt'
[1.484s] running build
[1.484s] running build_py
[1.484s] copying ros2_opencv/poseEstimation2.py -> /home/minh/ws_ros2_camera/build/ros2_opencv/build/lib/ros2_opencv
[1.485s] running install
[1.492s] running install_lib
[1.512s] copying /home/minh/ws_ros2_camera/build/ros2_opencv/build/lib/ros2_opencv/poseEstimation2.py -> /home/minh/ws_ros2_camera/install/ros2_opencv/lib/python3.12/site-packages/ros2_opencv
[1.513s] byte-compiling /home/minh/ws_ros2_camera/install/ros2_opencv/lib/python3.12/site-packages/ros2_opencv/poseEstimation2.py to poseEstimation2.cpython-312.pyc
[1.516s] running install_data
[1.517s] running install_egg_info
[1.538s] removing '/home/minh/ws_ros2_camera/install/ros2_opencv/lib/python3.12/site-packages/ros2_opencv-0.0.0-py3.12.egg-info' (and everything under it)
[1.539s] Copying ../../build/ros2_opencv/ros2_opencv.egg-info to /home/minh/ws_ros2_camera/install/ros2_opencv/lib/python3.12/site-packages/ros2_opencv-0.0.0-py3.12.egg-info
[1.539s] running install_scripts
[1.674s] Installing pose_estimation2_node script to /home/minh/ws_ros2_camera/install/ros2_opencv/lib/ros2_opencv
[1.675s] Installing pose_estimation_node script to /home/minh/ws_ros2_camera/install/ros2_opencv/lib/ros2_opencv
[1.675s] Installing pose_simple_node script to /home/minh/ws_ros2_camera/install/ros2_opencv/lib/ros2_opencv
[1.675s] Installing pose_yolo_node script to /home/minh/ws_ros2_camera/install/ros2_opencv/lib/ros2_opencv
[1.675s] Installing publisher_node script to /home/minh/ws_ros2_camera/install/ros2_opencv/lib/ros2_opencv
[1.675s] Installing subscriber_node script to /home/minh/ws_ros2_camera/install/ros2_opencv/lib/ros2_opencv
[1.675s] writing list of installed files to '/home/minh/ws_ros2_camera/build/ros2_opencv/install.log'
[1.706s] Invoked command in '/home/minh/ws_ros2_camera/src/ros2_opencv' returned '0': DEBUGINFOD_URLS=https://debuginfod.ubuntu.com PYTHONPATH=/home/minh/ws_ros2_camera/build/ros2_opencv/prefix_override:/usr/lib/python3/dist-packages/colcon_core/task/python/colcon_distutils_commands:/home/minh/ws_ros2_camera/install/ros2_opencv/lib/python3.12/site-packages:${PYTHONPATH} /usr/bin/python3 -W ignore:setup.py install is deprecated -W ignore:easy_install command is deprecated setup.py egg_info --egg-base ../../build/ros2_opencv build --build-base /home/minh/ws_ros2_camera/build/ros2_opencv/build install --record /home/minh/ws_ros2_camera/build/ros2_opencv/install.log --single-version-externally-managed install_data
